[wbpreview.com/previews/WB0DP4521/index.html]
[backblue.gif]
[fade.gif]
[index.html]
[wbpreview.com/previews/WB0DP4521/css/style.css]
[wbpreview.com/previews/WB0DP4521/css/style-responsive.css]
[wbpreview.com/previews/WB0DP4521/css/override.css]
[wbpreview.com/previews/WB0DP4521/css/ribbons.css]
[wbpreview.com/previews/WB0DP4521/css/sequence.css]
[wbpreview.com/previews/WB0DP4521/css/colors/default.css]
[wbpreview.com/previews/WB0DP4521/js/jquery.js]
[wbpreview.com/previews/WB0DP4521/js/modernizr.js]
[wbpreview.com/previews/WB0DP4521/js/selectnav.js]
[wbpreview.com/previews/WB0DP4521/js/flexslider.js]
[wbpreview.com/previews/WB0DP4521/js/twitter.js]
[wbpreview.com/previews/WB0DP4521/js/fancybox.js]
[wbpreview.com/previews/WB0DP4521/js/isotope.js]
[wbpreview.com/previews/WB0DP4521/js/bootstrap.js]
[wbpreview.com/previews/WB0DP4521/js/jquery.fitvids.js]
[wbpreview.com/previews/WB0DP4521/js/sequence.jquery-min.js]
[wbpreview.com/previews/WB0DP4521/js/sequence.js]
[wbpreview.com/previews/WB0DP4521/css/switcher.css]
[wbpreview.com/previews/WB0DP4521/js/switcher.js]
[wbpreview.com/previews/WB0DP4521/images/logo.png]
[wbpreview.com/previews/WB0DP4521/index2.html]
[wbpreview.com/previews/WB0DP4521/index3.html]
[wbpreview.com/previews/WB0DP4521/index4.html]
[wbpreview.com/previews/WB0DP4521/index5.html]
[wbpreview.com/previews/WB0DP4521/index6.html]
[wbpreview.com/previews/WB0DP4521/about.html]
[wbpreview.com/previews/WB0DP4521/services.html]
[wbpreview.com/previews/WB0DP4521/faq.html]
[wbpreview.com/previews/WB0DP4521/login.html]
[wbpreview.com/previews/WB0DP4521/register.html]
[wbpreview.com/previews/WB0DP4521/error.html]
[wbpreview.com/previews/WB0DP4521/coming-soon.html]
[wbpreview.com/previews/WB0DP4521/elements.html]
[wbpreview.com/previews/WB0DP4521/icons.html]
[wbpreview.com/previews/WB0DP4521/pricing_tables.html]
[wbpreview.com/previews/WB0DP4521/typography.html]
[wbpreview.com/previews/WB0DP4521/portfolio-2.html]
[wbpreview.com/previews/WB0DP4521/portfolio-3.html]
[wbpreview.com/previews/WB0DP4521/portfolio-4.html]
[wbpreview.com/previews/WB0DP4521/single-project.html]
[wbpreview.com/previews/WB0DP4521/blog.html]
[wbpreview.com/previews/WB0DP4521/floated-blog.html]
[wbpreview.com/previews/WB0DP4521/blog-filter.html]
[wbpreview.com/previews/WB0DP4521/blog-post.html]
[wbpreview.com/previews/WB0DP4521/gallery.html]
[wbpreview.com/previews/WB0DP4521/floated-gallery.html]
[wbpreview.com/previews/WB0DP4521/contact.html]
[wbpreview.com/previews/WB0DP4521/images/arrow-left.png]
[wbpreview.com/previews/WB0DP4521/images/arrow-right.png]
[wbpreview.com/previews/WB0DP4521/images/model1.png]
[wbpreview.com/previews/WB0DP4521/images/model2.png]
[wbpreview.com/previews/WB0DP4521/images/tn-model1.png]
[wbpreview.com/previews/WB0DP4521/images/tn-model2.png]
[wbpreview.com/previews/WB0DP4521/images/tn-model3.png]
[wbpreview.com/previews/WB0DP4521/images/0.jpg]
[wbpreview.com/previews/WB0DP4521/images/1.jpg]
[wbpreview.com/previews/WB0DP4521/images/7.jpg]
[wbpreview.com/previews/WB0DP4521/images/t2.png]
[wbpreview.com/previews/WB0DP4521/images/4.jpg]
[wbpreview.com/previews/WB0DP4521/images/5.jpg]
[wbpreview.com/previews/WB0DP4521/images/client-logo-1.jpg]
[wbpreview.com/previews/WB0DP4521/images/client-logo-2.jpg]
[wbpreview.com/previews/WB0DP4521/images/client-logo-4.jpg]
[wbpreview.com/previews/WB0DP4521/index.html]
[fonts.googleapis.com/css439e.css]
[wbpreview.com/previews/WB0DP4521/images/abbu.png]
[wbpreview.com/previews/WB0DP4521/images/slider2.jpg]
[placehold.it/940x413/&text=Banner+with+Caption.49.delayed]
[wbpreview.com/previews/WB0DP4521/index2.html]
[wbpreview.com/previews/WB0DP4521/css/cslider.css]
[wbpreview.com/previews/WB0DP4521/js/jquery.cslider.js]
[wbpreview.com/previews/WB0DP4521/images/iphone.png]
[wbpreview.com/previews/WB0DP4521/images/light.png]
[wbpreview.com/previews/WB0DP4521/images/draw.png]
[wbpreview.com/previews/WB0DP4521/index3.html]
[placehold.it/1030x400/C77966/ffffff/&text=Static Image.4f.delayed]
[wbpreview.com/previews/WB0DP4521/index4.html]
[wbpreview.com/previews/WB0DP4521/index5.html]
[wbpreview.com/previews/WB0DP4521/js/waypoints.js]
[wbpreview.com/previews/WB0DP4521/js/waypoints-sticky.js]
[wbpreview.com/previews/WB0DP4521/index6.html]
[wbpreview.com/previews/WB0DP4521/images/banner6.jpg]
[wbpreview.com/previews/WB0DP4521/images/staff-1.jpg]
[wbpreview.com/previews/WB0DP4521/images/staff-3.jpg]
[wbpreview.com/previews/WB0DP4521/about.html]
[wbpreview.com/previews/WB0DP4521/js/raphael.js]
[wbpreview.com/previews/WB0DP4521/js/init.js]
[wbpreview.com/previews/WB0DP4521/images/banner-services.jpg]
[wbpreview.com/previews/WB0DP4521/services.html]
[wbpreview.com/previews/WB0DP4521/images/banner3.jpg]
[wbpreview.com/previews/WB0DP4521/faq.html]
[wbpreview.com/previews/WB0DP4521/login.html]
[wbpreview.com/previews/WB0DP4521/register.html]
[placehold.it/1030x300/&text=your favourite notfound image.5b.delayed]
[wbpreview.com/previews/WB0DP4521/error.html]
[wbpreview.com/previews/WB0DP4521/js/lcd-landing.js]
[wbpreview.com/previews/WB0DP4521/js/jquery.countdown.js]
[wbpreview.com/previews/WB0DP4521/coming-soon.html]
[wbpreview.com/previews/WB0DP4521/images/clocks.jpg]
[wbpreview.com/previews/WB0DP4521/images/banner5.jpg]
[wbpreview.com/previews/WB0DP4521/elements.html]
[wbpreview.com/previews/WB0DP4521/icons.html]
[wbpreview.com/previews/WB0DP4521/pricing_tables.html]
[wbpreview.com/previews/WB0DP4521/typography.html]
[wbpreview.com/previews/WB0DP4521/images/zebra.jpg]
[wbpreview.com/previews/WB0DP4521/portfolio-2.html]
[wbpreview.com/previews/WB0DP4521/images/2.jpg]
[wbpreview.com/previews/WB0DP4521/portfolio-3.html]
[wbpreview.com/previews/WB0DP4521/portfolio-4.html]
[wbpreview.com/previews/WB0DP4521/single-project.html]
[wbpreview.com/previews/WB0DP4521/images/banner-blog.65.delayed]
[wbpreview.com/previews/WB0DP4521/blog.html]
[wbpreview.com/previews/WB0DP4521/images/blog-img-01.jpg]
[wbpreview.com/previews/WB0DP4521/floated-blog.html]
[wbpreview.com/previews/WB0DP4521/blog-filter.html]
[wbpreview.com/previews/WB0DP4521/images/featured-image.png]
[placehold.it/64x64/72B626/ffffff/&text=User.68.delayed]
[wbpreview.com/previews/WB0DP4521/blog-post.html]
[wbpreview.com/previews/WB0DP4521/images/banner2.jpg]
[wbpreview.com/previews/WB0DP4521/images/portfolio/p1-large.jpg]
[wbpreview.com/previews/WB0DP4521/images/portfolio/p1.jpg]
[wbpreview.com/previews/WB0DP4521/images/portfolio/p2.jpg]
[wbpreview.com/previews/WB0DP4521/images/portfolio/p3.jpg]
[wbpreview.com/previews/WB0DP4521/images/portfolio/p5-large.jpg]
[wbpreview.com/previews/WB0DP4521/images/portfolio/p5.jpg]
[wbpreview.com/previews/WB0DP4521/images/portfolio/p6.jpg]
[wbpreview.com/previews/WB0DP4521/gallery.html]
[wbpreview.com/previews/WB0DP4521/images/portfolio/p7.jpg]
[wbpreview.com/previews/WB0DP4521/floated-gallery.html]
[wbpreview.com/previews/WB0DP4521/contact.html]
[wbpreview.com/previews/WB0DP4521/js/jquery.gmap.min.js]
[placehold.it/940x413/&text=Banner+with+Caption.html]
[placehold.it/1030x400/C77966/ffffff/&text=Static Image.html]
[placehold.it/1030x300/&text=your favourite notfound image.html]
[placehold.it/64x64/72B626/ffffff/&text=User.html]
[wbpreview.com/previews/WB0DP4521/images/logo.png]
[wbpreview.com/previews/WB0DP4521/images/arrow-left.png]
[wbpreview.com/previews/WB0DP4521/images/arrow-right.png]
[wbpreview.com/previews/WB0DP4521/images/model1.png]
[wbpreview.com/previews/WB0DP4521/images/model2.png]
[wbpreview.com/previews/WB0DP4521/images/tn-model1.png]
[wbpreview.com/previews/WB0DP4521/css/bootstrap.css]
[wbpreview.com/previews/WB0DP4521/images/tn-model3.png]
[wbpreview.com/previews/WB0DP4521/images/tn-model2.png]
[wbpreview.com/previews/WB0DP4521/css/font-awesome.css]
[wbpreview.com/previews/WB0DP4521/images/0.jpg]
[wbpreview.com/previews/WB0DP4521/images/1.jpg]
[wbpreview.com/previews/WB0DP4521/css/fancybox.css]
[wbpreview.com/previews/WB0DP4521/images/7.jpg]
[wbpreview.com/previews/WB0DP4521/images/t2.png]
[wbpreview.com/previews/WB0DP4521/css/main.css]
[wbpreview.com/previews/WB0DP4521/images/4.jpg]
[wbpreview.com/previews/WB0DP4521/images/5.jpg]
[wbpreview.com/previews/WB0DP4521/css/style.css]
[wbpreview.com/previews/WB0DP4521/css/navigation.css]
[wbpreview.com/previews/WB0DP4521/images/client-logo-1.jpg]
[wbpreview.com/previews/WB0DP4521/images/client-logo-2.jpg]
[wbpreview.com/previews/WB0DP4521/css/style-responsive.css]
[wbpreview.com/previews/WB0DP4521/css/override.css]
[wbpreview.com/previews/WB0DP4521/images/client-logo-4.jpg]
[wbpreview.com/previews/WB0DP4521/css/ribbons.css]
[wbpreview.com/previews/WB0DP4521/images/abbu.png]
[wbpreview.com/previews/WB0DP4521/images/slider2.jpg]
[wbpreview.com/previews/WB0DP4521/images/iphone.png]
[wbpreview.com/previews/WB0DP4521/images/bg-sequence.jpg]
[wbpreview.com/previews/WB0DP4521/images/light.png]
[wbpreview.com/previews/WB0DP4521/css/sequence.css]
[wbpreview.com/previews/WB0DP4521/images/draw.png]
[wbpreview.com/previews/WB0DP4521/css/colors/default.css]
[wbpreview.com/previews/WB0DP4521/images/banner6.jpg]
[wbpreview.com/previews/WB0DP4521/js/jquery.js]
[wbpreview.com/previews/WB0DP4521/js/modernizr.js]
[wbpreview.com/previews/WB0DP4521/images/staff-1.jpg]
[wbpreview.com/previews/WB0DP4521/js/selectnav.js]
[wbpreview.com/previews/WB0DP4521/images/staff-3.jpg]
[wbpreview.com/previews/WB0DP4521/js/flexslider.js]
[wbpreview.com/previews/WB0DP4521/images/banner-services.jpg]
[wbpreview.com/previews/WB0DP4521/js/twitter.js]
[wbpreview.com/previews/WB0DP4521/images/banner3.jpg]
[wbpreview.com/previews/WB0DP4521/js/fancybox.js]
[wbpreview.com/previews/WB0DP4521/images/clocks.jpg]
[wbpreview.com/previews/WB0DP4521/js/isotope.js]
[wbpreview.com/previews/WB0DP4521/images/banner5.jpg]
[wbpreview.com/previews/WB0DP4521/js/bootstrap.js]
[wbpreview.com/previews/WB0DP4521/images/zebra.jpg]
[wbpreview.com/previews/WB0DP4521/js/jquery.fitvids.js]
[wbpreview.com/previews/WB0DP4521/images/2.jpg]
[wbpreview.com/previews/WB0DP4521/images/blog-img-01.jpg]
[wbpreview.com/previews/WB0DP4521/js/sequence.jquery-min.js]
[wbpreview.com/previews/WB0DP4521/images/featured-image.png]
[wbpreview.com/previews/WB0DP4521/js/sequence.js]
[wbpreview.com/previews/WB0DP4521/images/banner2.jpg]
[wbpreview.com/previews/WB0DP4521/images/portfolio/p1-large.jpg]
[wbpreview.com/previews/WB0DP4521/images/portfolio/p1.jpg]
[wbpreview.com/previews/WB0DP4521/images/bg/noise.png]
[wbpreview.com/previews/WB0DP4521/images/portfolio/p2.jpg]
[wbpreview.com/previews/WB0DP4521/images/portfolio/p3.jpg]
[wbpreview.com/previews/WB0DP4521/images/bg/retina_dust.png]
[wbpreview.com/previews/WB0DP4521/images/portfolio/p5.jpg]
[wbpreview.com/previews/WB0DP4521/images/bg/brushed_alu.png]
[wbpreview.com/previews/WB0DP4521/images/portfolio/p6.jpg]
[wbpreview.com/previews/WB0DP4521/images/bg/crisp_paper_ruffles.png]
[wbpreview.com/previews/WB0DP4521/images/bg-sequence.jpg]
[wbpreview.com/previews/WB0DP4521/images/portfolio/p7.jpg]
[wbpreview.com/previews/WB0DP4521/images/bg/dark_wall.png]
[wbpreview.com/previews/WB0DP4521/js/custom.js]
[wbpreview.com/previews/WB0DP4521/images/bg/darkdenim3.png]
[wbpreview.com/previews/WB0DP4521/images/bg/retina_dust.png]
[wbpreview.com/previews/WB0DP4521/images/bg/diamond_upholstery.png]
[wbpreview.com/previews/WB0DP4521/images/bg/egg_shell.png]
[wbpreview.com/previews/WB0DP4521/images/bg/purty_wood.png]
[wbpreview.com/previews/WB0DP4521/images/bg/brushed_alu.png]
[wbpreview.com/previews/WB0DP4521/images/bg/subtle_stripes.png]
[wbpreview.com/previews/WB0DP4521/images/bg/dark_wall.png]
[wbpreview.com/previews/WB0DP4521/images/bg/darkdenim3.png]
[wbpreview.com/previews/WB0DP4521/images/bg/diamond_upholstery.png]
[wbpreview.com/previews/WB0DP4521/images/bg/textured_stripes.png]
[wbpreview.com/previews/WB0DP4521/images/bg/purty_wood.png]
[wbpreview.com/previews/WB0DP4521/images/bg/tileable_wood_texture.png]
[wbpreview.com/previews/WB0DP4521/images/bg/subtle_stripes.png]
[wbpreview.com/previews/WB0DP4521/images/bg/scribble_light.png]
[wbpreview.com/previews/WB0DP4521/images/bg/vertical_cloth.png]
[wbpreview.com/previews/WB0DP4521/images/bg/vichy.png]
[wbpreview.com/previews/WB0DP4521/images/bg/washi.png]
[wbpreview.com/previews/WB0DP4521/css/switcher.css]
[wbpreview.com/previews/WB0DP4521/css/colors/green.8f.delayed]
[wbpreview.com/previews/WB0DP4521/css/colors/sexy-orange.css]
[wbpreview.com/previews/WB0DP4521/css/colors/blue.css]
[wbpreview.com/previews/WB0DP4521/css/colors/orange.css]
[wbpreview.com/previews/WB0DP4521/css/colors/navy.css]
[wbpreview.com/previews/WB0DP4521/css/colors/yellow.css]
[wbpreview.com/previews/WB0DP4521/css/colors/peach.css]
[wbpreview.com/previews/WB0DP4521/css/colors/beige.css]
[wbpreview.com/previews/WB0DP4521/css/colors/purple.css]
[wbpreview.com/previews/WB0DP4521/css/colors/red.css]
[wbpreview.com/previews/WB0DP4521/css/colors/pink.css]
[wbpreview.com/previews/WB0DP4521/css/colors/celadon.css]
[wbpreview.com/previews/WB0DP4521/css/colors/brown.css]
[wbpreview.com/previews/WB0DP4521/css/colors/cherry.css]
[wbpreview.com/previews/WB0DP4521/css/colors/cyan.css]
[wbpreview.com/previews/WB0DP4521/css/colors/olive.css]
[wbpreview.com/previews/WB0DP4521/css/colors/gray.css]
[wbpreview.com/previews/WB0DP4521/js/switcher.js]
[wbpreview.com/previews/WB0DP4521/css/colors/dirty-green.css]
[wbpreview.com/previews/WB0DP4521/index2.html]
[wbpreview.com/previews/WB0DP4521/images/model3.png]
[wbpreview.com/previews/WB0DP4521/images/8.jpg]
[wbpreview.com/previews/WB0DP4521/images/t1.png]
[wbpreview.com/previews/WB0DP4521/images/3.jpg]
[wbpreview.com/previews/WB0DP4521/css/cslider.css]
[wbpreview.com/previews/WB0DP4521/js/jquery.cslider.js]
[wbpreview.com/previews/WB0DP4521/js/waypoints.js]
[wbpreview.com/previews/WB0DP4521/js/waypoints-sticky.js]
[wbpreview.com/previews/WB0DP4521/js/raphael.js]
[wbpreview.com/previews/WB0DP4521/js/init.js]
[wbpreview.com/previews/WB0DP4521/images/banner1.png]
[wbpreview.com/previews/WB0DP4521/images/banner.jpg]
[wbpreview.com/previews/WB0DP4521/js/lcd-landing.js]
[wbpreview.com/previews/WB0DP4521/js/jquery.countdown.js]
[wbpreview.com/previews/WB0DP4521/images/6.jpg]
[wbpreview.com/previews/WB0DP4521/images/banner-blog.html]
[wbpreview.com/previews/WB0DP4521/images/portfolio/p2-large.jpg]
[wbpreview.com/previews/WB0DP4521/images/portfolio/p6-large.jpg]
[wbpreview.com/previews/WB0DP4521/images/portfolio/p7-large.jpg]
[wbpreview.com/previews/WB0DP4521/js/jquery.gmap.min.js]
[wbpreview.com/previews/WB0DP4521/css/bootstrap.css]
[wbpreview.com/previews/WB0DP4521/css/font-awesome.css]
[wbpreview.com/previews/WB0DP4521/images/fancybox_sprite.png]
[wbpreview.com/previews/WB0DP4521/images/fancybox_loading.gif]
[wbpreview.com/previews/WB0DP4521/images/fancybox_sprite.png]
[wbpreview.com/previews/WB0DP4521/images/blank.a4.delayed]
[wbpreview.com/previews/WB0DP4521/css/fancybox.css]
[wbpreview.com/previews/WB0DP4521/images/fancybox_buttons.png]
[wbpreview.com/previews/WB0DP4521/images/fancybox_loading.gif]
[wbpreview.com/previews/WB0DP4521/css/main.css]
[wbpreview.com/previews/WB0DP4521/images/fancybox_buttons.png]
[wbpreview.com/previews/WB0DP4521/css/navigation.css]
[wbpreview.com/previews/WB0DP4521/js/custom.js]
[wbpreview.com/previews/WB0DP4521/images/bg/light_toast.png]
[wbpreview.com/previews/WB0DP4521/css/colors/green.html]
[wbpreview.com/previews/WB0DP4521/css/colors/sexy-orange.css]
[wbpreview.com/previews/WB0DP4521/css/colors/blue.css]
[wbpreview.com/previews/WB0DP4521/css/colors/orange.css]
[wbpreview.com/previews/WB0DP4521/css/colors/black.css]
[wbpreview.com/previews/WB0DP4521/css/colors/navy.css]
[wbpreview.com/previews/WB0DP4521/css/colors/yellow.css]
[wbpreview.com/previews/WB0DP4521/css/colors/peach.css]
[wbpreview.com/previews/WB0DP4521/css/colors/beige.css]
[wbpreview.com/previews/WB0DP4521/css/colors/purple.css]
[wbpreview.com/previews/WB0DP4521/css/colors/red.css]
[wbpreview.com/previews/WB0DP4521/css/colors/pink.css]
[wbpreview.com/previews/WB0DP4521/css/colors/celadon.css]
[wbpreview.com/previews/WB0DP4521/css/colors/brown.css]
[wbpreview.com/previews/WB0DP4521/css/colors/cherry.css]
[wbpreview.com/previews/WB0DP4521/css/colors/cyan.css]
[wbpreview.com/previews/WB0DP4521/css/colors/olive.css]
[wbpreview.com/previews/WB0DP4521/css/colors/gray.css]
[wbpreview.com/previews/WB0DP4521/css/colors/dirty-green.css]
[wbpreview.com/previews/WB0DP4521/images/model3.png]
[wbpreview.com/previews/WB0DP4521/images/8.jpg]
[wbpreview.com/previews/WB0DP4521/images/t1.png]
[wbpreview.com/previews/WB0DP4521/images/3.jpg]
[wbpreview.com/previews/WB0DP4521/images/banner1.png]
[wbpreview.com/previews/WB0DP4521/images/banner.jpg]
[wbpreview.com/previews/WB0DP4521/images/staff-2.jpg]
[wbpreview.com/previews/WB0DP4521/images/6.jpg]
[wbpreview.com/previews/WB0DP4521/images/pricing-banner.png]
[wbpreview.com/previews/WB0DP4521/images/featured-image-project.png]
[wbpreview.com/previews/WB0DP4521/images/portfolio/p3-large.jpg]
[wbpreview.com/previews/WB0DP4521/images/portfolio/p6-large.jpg]
[wbpreview.com/previews/WB0DP4521/images/blank.html]
[wbpreview.com/previews/WB0DP4521/images/bg/light_toast.png]
[wbpreview.com/previews/WB0DP4521/images/bg/noise_pattern_with_crosslines.png]
[wbpreview.com/previews/WB0DP4521/css/colors/black.css]
[wbpreview.com/previews/WB0DP4521/images/portfolio/p3-large.jpg]
[wbpreview.com/previews/WB0DP4521/images/bg/noise_pattern_with_crosslines.png]
